%!Adobe-FontList 1.04

%BeginFont
Handler:DirectoryHandler
FontType:Invalid
OutlineFileName:\8514fix.fon
%EndFont

%BeginFont
Handler:DirectoryHandler
FontType:Invalid
OutlineFileName:\8514fixe.fon
%EndFont

%BeginFont
Handler:DirectoryHandler
FontType:Invalid
OutlineFileName:\8514fixg.fon
%EndFont

%BeginFont
Handler:DirectoryHandler
FontType:Invalid
OutlineFileName:\8514fixr.fon
%EndFont

%BeginFont
Handler:DirectoryHandler
FontType:Invalid
OutlineFileName:\8514fixt.fon
%EndFont

%BeginFont
Handler:DirectoryHandler
FontType:Invalid
OutlineFileName:\8514oem.fon
%EndFont

%BeginFont
Handler:DirectoryHandler
FontType:Invalid
OutlineFileName:\8514oeme.fon
%EndFont

%BeginFont
Handler:DirectoryHandler
FontType:Invalid
OutlineFileName:\8514oemg.fon
%EndFont

%BeginFont
Handler:DirectoryHandler
FontType:Invalid
OutlineFileName:\8514oemr.fon
%EndFont

%BeginFont
Handler:DirectoryHandler
FontType:Invalid
OutlineFileName:\8514oemt.fon
%EndFont

%BeginFont
Handler:DirectoryHandler
FontType:Invalid
OutlineFileName:\8514sys.fon
%EndFont

%BeginFont
Handler:DirectoryHandler
FontType:Invalid
OutlineFileName:\8514syse.fon
%EndFont

%BeginFont
Handler:DirectoryHandler
FontType:Invalid
OutlineFileName:\8514sysg.fon
%EndFont

%BeginFont
Handler:DirectoryHandler
FontType:Invalid
OutlineFileName:\8514sysr.fon
%EndFont

%BeginFont
Handler:DirectoryHandler
FontType:Invalid
OutlineFileName:\8514syst.fon
%EndFont

%BeginFont
Handler:DirectoryHandler
FontType:Invalid
OutlineFileName:\85775.fon
%EndFont

%BeginFont
Handler:DirectoryHandler
FontType:Invalid
OutlineFileName:\85855.fon
%EndFont

%BeginFont
Handler:DirectoryHandler
FontType:Invalid
OutlineFileName:\85f1257.fon
%EndFont

%BeginFont
Handler:DirectoryHandler
FontType:Invalid
OutlineFileName:\85s1257.fon
%EndFont

%BeginFont
Handler:DirectoryHandler
FontType:TrueType
FontName:AgencyFB-Bold
FamilyName:Agency FB
StyleName:Bold
FullName:Agency FB Bold
WritingScript:Roman
OutlineFileName:\AGENCYB.TTF
DataFormat:sfntData
FileLength:60656
WeightClass:0
WidthClass:0
AngleClass:0
%EndFont

%BeginFont
Handler:DirectoryHandler
FontType:TrueType
FontName:AgencyFB-Reg
FamilyName:Agency FB
StyleName:Regular
FullName:Agency FB
WritingScript:Roman
OutlineFileName:\AGENCYR.TTF
DataFormat:sfntData
FileLength:58920
WeightClass:400
WidthClass:3
AngleClass:0
%EndFont

%BeginFont
Handler:DirectoryHandler
FontType:TrueType
FontName:BookAntiqua-Bold
FamilyName:Book Antiqua
StyleName:Bold
FullName:Book Antiqua Bold
WritingScript:Roman
OutlineFileName:\ANTQUAB.TTF
DataFormat:sfntData
FileLength:151000
WeightClass:700
WidthClass:5
AngleClass:0
%EndFont

%BeginFont
Handler:DirectoryHandler
FontType:TrueType
FontName:BookAntiqua-BoldItalic
FamilyName:Book Antiqua
StyleName:Bold Italic
FullName:Book Antiqua Bold Italic
WritingScript:Roman
OutlineFileName:\ANTQUABI.TTF
DataFormat:sfntData
FileLength:150416
WeightClass:700
WidthClass:5
AngleClass:1
%EndFont

%BeginFont
Handler:DirectoryHandler
FontType:TrueType
FontName:BookAntiqua-Italic
FamilyName:Book Antiqua
StyleName:Italic
FullName:Book Antiqua Italic
WritingScript:Roman
OutlineFileName:\ANTQUAI.TTF
DataFormat:sfntData
FileLength:149092
WeightClass:400
WidthClass:5
AngleClass:1
%EndFont

%BeginFont
Handler:DirectoryHandler
FontType:Invalid
OutlineFileName:\app775.fon
%EndFont

%BeginFont
Handler:DirectoryHandler
FontType:Invalid
OutlineFileName:\app850.fon
%EndFont

%BeginFont
Handler:DirectoryHandler
FontType:Invalid
OutlineFileName:\app852.fon
%EndFont

%BeginFont
Handler:DirectoryHandler
FontType:Invalid
OutlineFileName:\app855.fon
%EndFont

%BeginFont
Handler:DirectoryHandler
FontType:Invalid
OutlineFileName:\app857.fon
%EndFont

%BeginFont
Handler:DirectoryHandler
FontType:Invalid
OutlineFileName:\app866.fon
%EndFont

%BeginFont
Handler:DirectoryHandler
FontType:TrueType
FontName:Arial-BlackItalic
FamilyName:Arial Black
StyleName:Italic
FullName:Arial Black Italic
WritingScript:Roman
OutlineFileName:\ARBLI___.TTF
DataFormat:sfntData
FileLength:65544
WeightClass:400
WidthClass:5
AngleClass:1
%EndFont

%BeginFont
Handler:DirectoryHandler
FontType:TrueType
FontName:ArialMT
FamilyName:Arial
StyleName:Regular
FullName:Arial
WritingScript:Roman
OutlineFileName:\arial.ttf
DataFormat:sfntData
FileLength:311636
WeightClass:400
WidthClass:5
AngleClass:0
%EndFont

%BeginFont
Handler:DirectoryHandler
FontType:TrueType
FontName:Arial-BoldMT
FamilyName:Arial
StyleName:Bold
FullName:Arial Bold
WritingScript:Roman
OutlineFileName:\arialbd.ttf
DataFormat:sfntData
FileLength:288496
WeightClass:700
WidthClass:5
AngleClass:0
%EndFont

%BeginFont
Handler:DirectoryHandler
FontType:TrueType
FontName:Arial-BoldItalicMT
FamilyName:Arial
StyleName:Bold Italic
FullName:Arial Bold Italic
WritingScript:Roman
OutlineFileName:\arialbi.ttf
DataFormat:sfntData
FileLength:226748
WeightClass:700
WidthClass:5
AngleClass:1
%EndFont

%BeginFont
Handler:DirectoryHandler
FontType:TrueType
FontName:Arial-ItalicMT
FamilyName:Arial
StyleName:Italic
FullName:Arial Italic
WritingScript:Roman
OutlineFileName:\ariali.ttf
DataFormat:sfntData
FileLength:207808
WeightClass:400
WidthClass:5
AngleClass:1
%EndFont

%BeginFont
Handler:DirectoryHandler
FontType:TrueType
FontName:ArialNarrow
FamilyName:Arial Narrow
StyleName:Regular
FullName:Arial Narrow
WritingScript:Roman
OutlineFileName:\ARIALN.TTF
DataFormat:sfntData
FileLength:134188
WeightClass:400
WidthClass:3
AngleClass:0
%EndFont

%BeginFont
Handler:DirectoryHandler
FontType:TrueType
FontName:ArialNarrow-Bold
FamilyName:Arial Narrow
StyleName:Bold
FullName:Arial Narrow Bold
WritingScript:Roman
OutlineFileName:\ARIALNB.TTF
DataFormat:sfntData
FileLength:139056
WeightClass:700
WidthClass:3
AngleClass:0
%EndFont

%BeginFont
Handler:DirectoryHandler
FontType:TrueType
FontName:ArialNarrow-BoldItalic
FamilyName:Arial Narrow
StyleName:Bold Italic
FullName:Arial Narrow Bold Italic
WritingScript:Roman
OutlineFileName:\ARIALNBI.TTF
DataFormat:sfntData
FileLength:138468
WeightClass:700
WidthClass:3
AngleClass:1
%EndFont

%BeginFont
Handler:DirectoryHandler
FontType:TrueType
FontName:ArialNarrow-Italic
FamilyName:Arial Narrow
StyleName:Italic
FullName:Arial Narrow Italic
WritingScript:Roman
OutlineFileName:\ARIALNI.TTF
DataFormat:sfntData
FileLength:141328
WeightClass:400
WidthClass:3
AngleClass:1
%EndFont

%BeginFont
Handler:DirectoryHandler
FontType:TrueType
FontName:Arial-Black
FamilyName:Arial Black
StyleName:Regular
FullName:Arial Black
WritingScript:Roman
OutlineFileName:\ariblk.ttf
DataFormat:sfntData
FileLength:117028
WeightClass:400
WidthClass:5
AngleClass:0
%EndFont

%BeginFont
Handler:DirectoryHandler
FontType:TrueType
FontName:ArialRoundedMTBold
FamilyName:Arial Rounded MT Bold
StyleName:Regular
FullName:Arial Rounded MT Bold
WritingScript:Roman
OutlineFileName:\ARLRDBD.TTF
DataFormat:sfntData
FileLength:45260
WeightClass:400
WidthClass:5
AngleClass:0
%EndFont

%BeginFont
Handler:DirectoryHandler
FontType:Type1
FontName:BroadbandICG
FamilyName:BroadbandICG
StyleName:Regular
FullName:BroadbandICG
WritingScript:Roman
OutlineFileName:\BBAND___.PFB
DataFormat:Plain
UsesStandardEncoding:yes
isCFF:no
FileLength:22131
WeightClass:400
WidthClass:5
AngleClass:0
%EndFont

%BeginFont
Handler:DirectoryHandler
FontType:PFM
FontName:BroadbandICG
NumMMAxes:0
OutlineFileName:\BBAND___.PFM
FileLength:3379
%EndFont

%BeginFont
Handler:DirectoryHandler
FontType:TrueType
FontName:BookAntiqua
FamilyName:Book Antiqua
StyleName:Regular
FullName:Book Antiqua
WritingScript:Roman
OutlineFileName:\BKANT.TTF
DataFormat:sfntData
FileLength:155528
WeightClass:400
WidthClass:5
AngleClass:0
%EndFont

%BeginFont
Handler:DirectoryHandler
FontType:TrueType
FontName:BodoniMT-Bold
FamilyName:Bodoni MT
StyleName:Bold
FullName:Bodoni MT Bold
WritingScript:Roman
OutlineFileName:\BOD_B.TTF
DataFormat:sfntData
FileLength:74440
WeightClass:700
WidthClass:5
AngleClass:0
%EndFont

%BeginFont
Handler:DirectoryHandler
FontType:TrueType
FontName:BodoniMT-BoldItalic
FamilyName:Bodoni MT
StyleName:Bold Italic
FullName:Bodoni MT Bold Italic
WritingScript:Roman
OutlineFileName:\BOD_BI.TTF
DataFormat:sfntData
FileLength:85308
WeightClass:700
WidthClass:5
AngleClass:1
%EndFont

%BeginFont
Handler:DirectoryHandler
FontType:TrueType
FontName:BodoniMTBlack-Italic
FamilyName:Bodoni MT
StyleName:Black Italic
FullName:Bodoni MT Black Italic
WritingScript:Roman
OutlineFileName:\BOD_BLAI.TTF
DataFormat:sfntData
FileLength:83816
WeightClass:900
WidthClass:5
AngleClass:1
%EndFont

%BeginFont
Handler:DirectoryHandler
FontType:TrueType
FontName:BodoniMTBlack
FamilyName:Bodoni MT
StyleName:Black
FullName:Bodoni MT Black
WritingScript:Roman
OutlineFileName:\BOD_BLAR.TTF
DataFormat:sfntData
FileLength:73616
WeightClass:900
WidthClass:5
AngleClass:0
%EndFont

%BeginFont
Handler:DirectoryHandler
FontType:TrueType
FontName:BodoniMTCondensed-Bold
FamilyName:Bodoni MT
StyleName:Condensed Bold
FullName:Bodoni MT Condensed Bold
WritingScript:Roman
OutlineFileName:\BOD_CB.TTF
DataFormat:sfntData
FileLength:74092
WeightClass:700
WidthClass:3
AngleClass:0
%EndFont

%BeginFont
Handler:DirectoryHandler
FontType:TrueType
FontName:BodoniMTCondensed-BoldItalic
FamilyName:Bodoni MT
StyleName:Condensed Bold Italic
FullName:Bodoni MT Condensed Bold Italic
WritingScript:Roman
OutlineFileName:\BOD_CBI.TTF
DataFormat:sfntData
FileLength:81072
WeightClass:700
WidthClass:3
AngleClass:1
%EndFont

%BeginFont
Handler:DirectoryHandler
FontType:TrueType
FontName:BodoniMTCondensed-Italic
FamilyName:Bodoni MT
StyleName:Condensed Italic
FullName:Bodoni MT Condensed Italic
WritingScript:Roman
OutlineFileName:\BOD_CI.TTF
DataFormat:sfntData
FileLength:80536
WeightClass:400
WidthClass:3
AngleClass:1
%EndFont

%BeginFont
Handler:DirectoryHandler
FontType:TrueType
FontName:BodoniMTCondensed
FamilyName:Bodoni MT
StyleName:Condensed
FullName:Bodoni MT Condensed
WritingScript:Roman
OutlineFileName:\BOD_CR.TTF
DataFormat:sfntData
FileLength:80580
WeightClass:400
WidthClass:3
AngleClass:0
%EndFont

%BeginFont
Handler:DirectoryHandler
FontType:TrueType
FontName:BodoniMT-Italic
FamilyName:Bodoni MT
StyleName:Italic
FullName:Bodoni MT Italic
WritingScript:Roman
OutlineFileName:\BOD_I.TTF
DataFormat:sfntData
FileLength:89940
WeightClass:400
WidthClass:5
AngleClass:1
%EndFont

%BeginFont
Handler:DirectoryHandler
FontType:TrueType
FontName:BodoniMT
FamilyName:Bodoni MT
StyleName:Regular
FullName:Bodoni MT
WritingScript:Roman
OutlineFileName:\BOD_R.TTF
DataFormat:sfntData
FileLength:77884
WeightClass:400
WidthClass:5
AngleClass:0
%EndFont

%BeginFont
Handler:DirectoryHandler
FontType:TrueType
FontName:BookmanOldStyle
FamilyName:Bookman Old Style
StyleName:Regular
FullName:Bookman Old Style
WritingScript:Roman
OutlineFileName:\BOOKOS.TTF
DataFormat:sfntData
FileLength:160940
WeightClass:300
WidthClass:5
AngleClass:0
%EndFont

%BeginFont
Handler:DirectoryHandler
FontType:TrueType
FontName:BookmanOldStyle-Bold
FamilyName:Bookman Old Style
StyleName:Bold
FullName:Bookman Old Style Bold
WritingScript:Roman
OutlineFileName:\BOOKOSB.TTF
DataFormat:sfntData
FileLength:154576
WeightClass:600
WidthClass:5
AngleClass:0
%EndFont

%BeginFont
Handler:DirectoryHandler
FontType:TrueType
FontName:BookmanOldStyle-BoldItalic
FamilyName:Bookman Old Style
StyleName:Bold Italic
FullName:Bookman Old Style Bold Italic
WritingScript:Roman
OutlineFileName:\BOOKOSBI.TTF
DataFormat:sfntData
FileLength:162460
WeightClass:600
WidthClass:5
AngleClass:1
%EndFont

%BeginFont
Handler:DirectoryHandler
FontType:TrueType
FontName:BookmanOldStyle-Italic
FamilyName:Bookman Old Style
StyleName:Italic
FullName:Bookman Old Style Italic
WritingScript:Roman
OutlineFileName:\BOOKOSI.TTF
DataFormat:sfntData
FileLength:160920
WeightClass:300
WidthClass:5
AngleClass:1
%EndFont

%BeginFont
Handler:DirectoryHandler
FontType:TrueType
FontName:BradleyHandITC
FamilyName:Bradley Hand ITC
StyleName:Regular
FullName:Bradley Hand ITC
WritingScript:Roman
OutlineFileName:\BRADHITC.TTF
DataFormat:sfntData
FileLength:105296
WeightClass:400
WidthClass:5
AngleClass:0
%EndFont

%BeginFont
Handler:DirectoryHandler
FontType:TrueType
FontName:BookshelfSymbolSeven
FamilyName:Bookshelf Symbol 7
StyleName:Regular
FullName:Bookshelf Symbol 7
WritingScript:Roman
OutlineFileName:\BSSYM7.TTF
DataFormat:sfntData
FileLength:55540
WeightClass:400
WidthClass:5
AngleClass:0
%EndFont

%BeginFont
Handler:DirectoryHandler
FontType:TrueType
FontName:CalistoMT
FamilyName:Calisto MT
StyleName:Regular
FullName:Calisto MT
WritingScript:Roman
OutlineFileName:\CALIST.TTF
DataFormat:sfntData
FileLength:80148
WeightClass:400
WidthClass:5
AngleClass:0
%EndFont

%BeginFont
Handler:DirectoryHandler
FontType:TrueType
FontName:CalisMTBol
FamilyName:Calisto MT
StyleName:Bold
FullName:Calisto MT Bold
WritingScript:Roman
OutlineFileName:\CALISTB.TTF
DataFormat:sfntData
FileLength:85080
WeightClass:700
WidthClass:5
AngleClass:0
%EndFont

%BeginFont
Handler:DirectoryHandler
FontType:TrueType
FontName:CalistoMT-BoldItalic
FamilyName:Calisto MT
StyleName:Bold Italic
FullName:Calisto MT Bold Italic
WritingScript:Roman
OutlineFileName:\CALISTBI.TTF
DataFormat:sfntData
FileLength:84960
WeightClass:700
WidthClass:5
AngleClass:1
%EndFont

%BeginFont
Handler:DirectoryHandler
FontType:TrueType
FontName:CalistoMT-Italic
FamilyName:Calisto MT
StyleName:Italic
FullName:Calisto MT Italic
WritingScript:Roman
OutlineFileName:\CALISTI.TTF
DataFormat:sfntData
FileLength:59372
WeightClass:400
WidthClass:5
AngleClass:1
%EndFont

%BeginFont
Handler:DirectoryHandler
FontType:TrueType
FontName:Castellar
FamilyName:Castellar
StyleName:Regular
FullName:Castellar
WritingScript:Roman
OutlineFileName:\CASTELAR.TTF
DataFormat:sfntData
FileLength:48252
WeightClass:400
WidthClass:5
AngleClass:0
%EndFont

%BeginFont
Handler:DirectoryHandler
FontType:TrueType
FontName:CenturySchoolbook
FamilyName:Century Schoolbook
StyleName:Regular
FullName:Century Schoolbook
WritingScript:Roman
OutlineFileName:\CENSCBK.TTF
DataFormat:sfntData
FileLength:162380
WeightClass:400
WidthClass:5
AngleClass:0
%EndFont

%BeginFont
Handler:DirectoryHandler
FontType:Invalid
OutlineFileName:\cga40737.fon
%EndFont

%BeginFont
Handler:DirectoryHandler
FontType:Invalid
OutlineFileName:\cga40850.fon
%EndFont

%BeginFont
Handler:DirectoryHandler
FontType:Invalid
OutlineFileName:\cga40852.fon
%EndFont

%BeginFont
Handler:DirectoryHandler
FontType:Invalid
OutlineFileName:\cga40857.fon
%EndFont

%BeginFont
Handler:DirectoryHandler
FontType:Invalid
OutlineFileName:\cga40866.fon
%EndFont

%BeginFont
Handler:DirectoryHandler
FontType:Invalid
OutlineFileName:\cga40869.fon
%EndFont

%BeginFont
Handler:DirectoryHandler
FontType:Invalid
OutlineFileName:\cga40woa.fon
%EndFont

%BeginFont
Handler:DirectoryHandler
FontType:Invalid
OutlineFileName:\cga80737.fon
%EndFont

%BeginFont
Handler:DirectoryHandler
FontType:Invalid
OutlineFileName:\cga80850.fon
%EndFont

%BeginFont
Handler:DirectoryHandler
FontType:Invalid
OutlineFileName:\cga80852.fon
%EndFont

%BeginFont
Handler:DirectoryHandler
FontType:Invalid
OutlineFileName:\cga80857.fon
%EndFont

%BeginFont
Handler:DirectoryHandler
FontType:Invalid
OutlineFileName:\cga80866.fon
%EndFont

%BeginFont
Handler:DirectoryHandler
FontType:Invalid
OutlineFileName:\cga80869.fon
%EndFont

%BeginFont
Handler:DirectoryHandler
FontType:Invalid
OutlineFileName:\cga80woa.fon
%EndFont

%BeginFont
Handler:DirectoryHandler
FontType:TrueType
FontName:ComicSansMS
FamilyName:Comic Sans MS
StyleName:Regular
FullName:Comic Sans MS
WritingScript:Roman
OutlineFileName:\comic.ttf
DataFormat:sfntData
FileLength:126364
WeightClass:400
WidthClass:5
AngleClass:0
%EndFont

%BeginFont
Handler:DirectoryHandler
FontType:TrueType
FontName:ComicSansMS-Bold
FamilyName:Comic Sans MS
StyleName:Bold
FullName:Comic Sans MS Bold
WritingScript:Roman
OutlineFileName:\comicbd.ttf
DataFormat:sfntData
FileLength:111476
WeightClass:700
WidthClass:5
AngleClass:0
%EndFont

%BeginFont
Handler:DirectoryHandler
FontType:TrueType
FontName:CopperplateGothic-Bold
FamilyName:Copperplate Gothic Bold
StyleName:Regular
FullName:Copperplate Gothic Bold
WritingScript:Roman
OutlineFileName:\COPRGTB.TTF
DataFormat:sfntData
FileLength:61552
WeightClass:400
WidthClass:5
AngleClass:0
%EndFont

%BeginFont
Handler:DirectoryHandler
FontType:TrueType
FontName:CopperplateGothic-Light
FamilyName:Copperplate Gothic Light
StyleName:Regular
FullName:Copperplate Gothic Light
WritingScript:Roman
OutlineFileName:\COPRGTL.TTF
DataFormat:sfntData
FileLength:62716
WeightClass:400
WidthClass:5
AngleClass:0
%EndFont

%BeginFont
Handler:DirectoryHandler
FontType:Invalid
OutlineFileName:\coue1257.fon
%EndFont

%BeginFont
Handler:DirectoryHandler
FontType:Invalid
OutlineFileName:\couf1257.fon
%EndFont

%BeginFont
Handler:DirectoryHandler
FontType:TrueType
FontName:CourierNewPSMT
FamilyName:Courier New
StyleName:Regular
FullName:Courier New
WritingScript:Roman
OutlineFileName:\cour.ttf
DataFormat:sfntData
FileLength:303296
WeightClass:400
WidthClass:5
AngleClass:0
%EndFont

%BeginFont
Handler:DirectoryHandler
FontType:TrueType
FontName:CourierNewPS-BoldMT
FamilyName:Courier New
StyleName:Bold
FullName:Courier New Bold
WritingScript:Roman
OutlineFileName:\courbd.ttf
DataFormat:sfntData
FileLength:312920
WeightClass:700
WidthClass:5
AngleClass:0
%EndFont

%BeginFont
Handler:DirectoryHandler
FontType:TrueType
FontName:CourierNewPS-BoldItalicMT
FamilyName:Courier New
StyleName:Bold Italic
FullName:Courier New Bold Italic
WritingScript:Roman
OutlineFileName:\courbi.ttf
DataFormat:sfntData
FileLength:236148
WeightClass:700
WidthClass:5
AngleClass:1
%EndFont

%BeginFont
Handler:DirectoryHandler
FontType:Invalid
OutlineFileName:\coure.fon
%EndFont

%BeginFont
Handler:DirectoryHandler
FontType:Invalid
OutlineFileName:\couree.fon
%EndFont

%BeginFont
Handler:DirectoryHandler
FontType:Invalid
OutlineFileName:\coureg.fon
%EndFont

%BeginFont
Handler:DirectoryHandler
FontType:Invalid
OutlineFileName:\courer.fon
%EndFont

%BeginFont
Handler:DirectoryHandler
FontType:Invalid
OutlineFileName:\couret.fon
%EndFont

%BeginFont
Handler:DirectoryHandler
FontType:Invalid
OutlineFileName:\courf.fon
%EndFont

%BeginFont
Handler:DirectoryHandler
FontType:Invalid
OutlineFileName:\courfe.fon
%EndFont

%BeginFont
Handler:DirectoryHandler
FontType:Invalid
OutlineFileName:\courfg.fon
%EndFont

%BeginFont
Handler:DirectoryHandler
FontType:Invalid
OutlineFileName:\courfr.fon
%EndFont

%BeginFont
Handler:DirectoryHandler
FontType:Invalid
OutlineFileName:\courft.fon
%EndFont

%BeginFont
Handler:DirectoryHandler
FontType:TrueType
FontName:CourierNewPS-ItalicMT
FamilyName:Courier New
StyleName:Italic
FullName:Courier New Italic
WritingScript:Roman
OutlineFileName:\couri.ttf
DataFormat:sfntData
FileLength:245032
WeightClass:400
WidthClass:5
AngleClass:1
%EndFont

%BeginFont
Handler:DirectoryHandler
FontType:TrueType
FontName:CurlzMT
FamilyName:Curlz MT
StyleName:Regular
FullName:Curlz MT
WritingScript:Roman
OutlineFileName:\CURLZ___.TTF
DataFormat:sfntData
FileLength:69480
WeightClass:400
WidthClass:5
AngleClass:0
%EndFont

%BeginFont
Handler:DirectoryHandler
FontType:Invalid
OutlineFileName:\desktop.ini
%EndFont

%BeginFont
Handler:DirectoryHandler
FontType:Invalid
OutlineFileName:\dos737.fon
%EndFont

%BeginFont
Handler:DirectoryHandler
FontType:Invalid
OutlineFileName:\dosapp.fon
%EndFont

%BeginFont
Handler:DirectoryHandler
FontType:Invalid
OutlineFileName:\ega40737.fon
%EndFont

%BeginFont
Handler:DirectoryHandler
FontType:Invalid
OutlineFileName:\ega40850.fon
%EndFont

%BeginFont
Handler:DirectoryHandler
FontType:Invalid
OutlineFileName:\ega40852.fon
%EndFont

%BeginFont
Handler:DirectoryHandler
FontType:Invalid
OutlineFileName:\ega40857.fon
%EndFont

%BeginFont
Handler:DirectoryHandler
FontType:Invalid
OutlineFileName:\ega40866.fon
%EndFont

%BeginFont
Handler:DirectoryHandler
FontType:Invalid
OutlineFileName:\ega40869.fon
%EndFont

%BeginFont
Handler:DirectoryHandler
FontType:Invalid
OutlineFileName:\ega40woa.fon
%EndFont

%BeginFont
Handler:DirectoryHandler
FontType:Invalid
OutlineFileName:\ega80737.fon
%EndFont

%BeginFont
Handler:DirectoryHandler
FontType:Invalid
OutlineFileName:\ega80850.fon
%EndFont

%BeginFont
Handler:DirectoryHandler
FontType:Invalid
OutlineFileName:\ega80852.fon
%EndFont

%BeginFont
Handler:DirectoryHandler
FontType:Invalid
OutlineFileName:\ega80857.fon
%EndFont

%BeginFont
Handler:DirectoryHandler
FontType:Invalid
OutlineFileName:\ega80866.fon
%EndFont

%BeginFont
Handler:DirectoryHandler
FontType:Invalid
OutlineFileName:\ega80869.fon
%EndFont

%BeginFont
Handler:DirectoryHandler
FontType:Invalid
OutlineFileName:\ega80woa.fon
%EndFont

%BeginFont
Handler:DirectoryHandler
FontType:TrueType
FontName:Elephant-Regular
FamilyName:Elephant
StyleName:Regular
FullName:Elephant
WritingScript:Roman
OutlineFileName:\ELEPHNT.TTF
DataFormat:sfntData
FileLength:51652
WeightClass:0
WidthClass:0
AngleClass:0
%EndFont

%BeginFont
Handler:DirectoryHandler
FontType:TrueType
FontName:Elephant-Italic
FamilyName:Elephant
StyleName:Italic
FullName:Elephant Italic
WritingScript:Roman
OutlineFileName:\ELEPHNTI.TTF
DataFormat:sfntData
FileLength:54324
WeightClass:400
WidthClass:5
AngleClass:1
%EndFont

%BeginFont
Handler:DirectoryHandler
FontType:TrueType
FontName:EngraversMT
FamilyName:Engravers MT
StyleName:Regular
FullName:Engravers MT
WritingScript:Roman
OutlineFileName:\ENGR.TTF
DataFormat:sfntData
FileLength:49768
WeightClass:500
WidthClass:7
AngleClass:0
%EndFont

%BeginFont
Handler:DirectoryHandler
FontType:TrueType
FontName:ErasITC-Bold
FamilyName:Eras Bold ITC
StyleName:Regular
FullName:Eras Bold ITC
WritingScript:Roman
OutlineFileName:\ERASBD.TTF
DataFormat:sfntData
FileLength:57508
WeightClass:400
WidthClass:5
AngleClass:0
%EndFont

%BeginFont
Handler:DirectoryHandler
FontType:TrueType
FontName:ErasITC-Demi
FamilyName:Eras Demi ITC
StyleName:Regular
FullName:Eras Demi ITC
WritingScript:Roman
OutlineFileName:\ERASDEMI.TTF
DataFormat:sfntData
FileLength:59996
WeightClass:400
WidthClass:5
AngleClass:0
%EndFont

%BeginFont
Handler:DirectoryHandler
FontType:TrueType
FontName:ErasITC-Light
FamilyName:Eras Light ITC
StyleName:Regular
FullName:Eras Light ITC
WritingScript:Roman
OutlineFileName:\ERASLGHT.TTF
DataFormat:sfntData
FileLength:68656
WeightClass:400
WidthClass:5
AngleClass:0
%EndFont

%BeginFont
Handler:DirectoryHandler
FontType:TrueType
FontName:ErasITC-Medium
FamilyName:Eras Medium ITC
StyleName:Regular
FullName:Eras Medium ITC
WritingScript:Roman
OutlineFileName:\ERASMD.TTF
DataFormat:sfntData
FileLength:60772
WeightClass:400
WidthClass:5
AngleClass:0
%EndFont

%BeginFont
Handler:DirectoryHandler
FontType:TrueType
FontName:EstrangeloEdessa
FamilyName:Estrangelo Edessa
StyleName:Regular
FullName:Estrangelo Edessa
WritingScript:Roman
OutlineFileName:\estre.ttf
DataFormat:sfntData
FileLength:79744
WeightClass:400
WidthClass:5
AngleClass:0
%EndFont

%BeginFont
Handler:DirectoryHandler
FontType:TrueType
FontName:FelixTitlingMT
FamilyName:Felix Titling
StyleName:Regular
FullName:Felix Titling
WritingScript:Roman
OutlineFileName:\FELIXTI.TTF
DataFormat:sfntData
FileLength:45952
WeightClass:400
WidthClass:5
AngleClass:0
%EndFont

%BeginFont
Handler:DirectoryHandler
FontType:TrueType
FontName:ForteMT
FamilyName:Forte
StyleName:Regular
FullName:Forte
WritingScript:Roman
OutlineFileName:\FORTE.TTF
DataFormat:sfntData
FileLength:61776
WeightClass:400
WidthClass:5
AngleClass:1
%EndFont

%BeginFont
Handler:DirectoryHandler
FontType:TrueType
FontName:FranklinGothic-Book
FamilyName:Franklin Gothic Book
StyleName:Regular
FullName:Franklin Gothic Book
WritingScript:Roman
OutlineFileName:\FRABK.TTF
DataFormat:sfntData
FileLength:152700
WeightClass:400
WidthClass:5
AngleClass:0
%EndFont

%BeginFont
Handler:DirectoryHandler
FontType:TrueType
FontName:FranklinGothic-BookItalic
FamilyName:Franklin Gothic Book
StyleName:Italic
FullName:Franklin Gothic Book Italic
WritingScript:Roman
OutlineFileName:\FRABKIT.TTF
DataFormat:sfntData
FileLength:169620
WeightClass:400
WidthClass:5
AngleClass:1
%EndFont

%BeginFont
Handler:DirectoryHandler
FontType:TrueType
FontName:FranklinGothic-Demi
FamilyName:Franklin Gothic Demi
StyleName:Regular
FullName:Franklin Gothic Demi
WritingScript:Roman
OutlineFileName:\FRADM.TTF
DataFormat:sfntData
FileLength:142932
WeightClass:400
WidthClass:5
AngleClass:0
%EndFont

%BeginFont
Handler:DirectoryHandler
FontType:TrueType
FontName:FranklinGothic-DemiCond
FamilyName:Franklin Gothic Demi Cond
StyleName:Regular
FullName:Franklin Gothic Demi Cond
WritingScript:Roman
OutlineFileName:\FRADMCN.TTF
DataFormat:sfntData
FileLength:116940
WeightClass:400
WidthClass:3
AngleClass:0
%EndFont

%BeginFont
Handler:DirectoryHandler
FontType:TrueType
FontName:FranklinGothic-DemiItalic
FamilyName:Franklin Gothic Demi
StyleName:Italic
FullName:Franklin Gothic Demi Italic
WritingScript:Roman
OutlineFileName:\FRADMIT.TTF
DataFormat:sfntData
FileLength:135904
WeightClass:400
WidthClass:5
AngleClass:1
%EndFont

%BeginFont
Handler:DirectoryHandler
FontType:TrueType
FontName:FranklinGothic-Heavy
FamilyName:Franklin Gothic Heavy
StyleName:Regular
FullName:Franklin Gothic Heavy
WritingScript:Roman
OutlineFileName:\FRAHV.TTF
DataFormat:sfntData
FileLength:139400
WeightClass:400
WidthClass:5
AngleClass:0
%EndFont

%BeginFont
Handler:DirectoryHandler
FontType:TrueType
FontName:FranklinGothic-HeavyItalic
FamilyName:Franklin Gothic Heavy
StyleName:Italic
FullName:Franklin Gothic Heavy Italic
WritingScript:Roman
OutlineFileName:\FRAHVIT.TTF
DataFormat:sfntData
FileLength:152700
WeightClass:400
WidthClass:5
AngleClass:1
%EndFont

%BeginFont
Handler:DirectoryHandler
FontType:TrueType
FontName:FranklinGothic-Medium
FamilyName:Franklin Gothic Medium
StyleName:Regular
FullName:Franklin Gothic Medium
WritingScript:Roman
OutlineFileName:\framd.ttf
DataFormat:sfntData
FileLength:135984
WeightClass:400
WidthClass:5
AngleClass:0
%EndFont

%BeginFont
Handler:DirectoryHandler
FontType:TrueType
FontName:FranklinGothic-MediumCond
FamilyName:Franklin Gothic Medium Cond
StyleName:Regular
FullName:Franklin Gothic Medium Cond
WritingScript:Roman
OutlineFileName:\FRAMDCN.TTF
DataFormat:sfntData
FileLength:132516
WeightClass:400
WidthClass:3
AngleClass:0
%EndFont

%BeginFont
Handler:DirectoryHandler
FontType:TrueType
FontName:FranklinGothic-MediumItalic
FamilyName:Franklin Gothic Medium
StyleName:Italic
FullName:Franklin Gothic Medium Italic
WritingScript:Roman
OutlineFileName:\framdit.ttf
DataFormat:sfntData
FileLength:152844
WeightClass:400
WidthClass:5
AngleClass:1
%EndFont

%BeginFont
Handler:DirectoryHandler
FontType:TrueType
FontName:FreestyleScript-Regular
FamilyName:Freestyle Script
StyleName:Regular
FullName:Freestyle Script
WritingScript:Roman
OutlineFileName:\FREESCPT.TTF
DataFormat:sfntData
FileLength:69876
WeightClass:400
WidthClass:5
AngleClass:0
%EndFont

%BeginFont
Handler:DirectoryHandler
FontType:TrueType
FontName:FrenchScriptMT
FamilyName:French Script MT
StyleName:Regular
FullName:French Script MT
WritingScript:Roman
OutlineFileName:\FRSCRIPT.TTF
DataFormat:sfntData
FileLength:58580
WeightClass:400
WidthClass:5
AngleClass:0
%EndFont

%BeginFont
Handler:DirectoryHandler
FontType:TrueType
FontName:Garamond
FamilyName:Garamond
StyleName:Regular
FullName:Garamond
WritingScript:Roman
OutlineFileName:\GARA.TTF
DataFormat:sfntData
FileLength:196588
WeightClass:400
WidthClass:5
AngleClass:0
%EndFont

%BeginFont
Handler:DirectoryHandler
FontType:TrueType
FontName:Garamond-Bold
FamilyName:Garamond
StyleName:Bold
FullName:Garamond Bold
WritingScript:Roman
OutlineFileName:\GARABD.TTF
DataFormat:sfntData
FileLength:198540
WeightClass:700
WidthClass:5
AngleClass:0
%EndFont

%BeginFont
Handler:DirectoryHandler
FontType:TrueType
FontName:Garamond-Italic
FamilyName:Garamond
StyleName:Italic
FullName:Garamond Italic
WritingScript:Roman
OutlineFileName:\GARAIT.TTF
DataFormat:sfntData
FileLength:188916
WeightClass:400
WidthClass:5
AngleClass:1
%EndFont

%BeginFont
Handler:DirectoryHandler
FontType:TrueType
FontName:Gautami
FamilyName:Gautami
StyleName:Regular
FullName:Gautami
WritingScript:Roman
OutlineFileName:\gautami.ttf
DataFormat:sfntData
FileLength:214936
WeightClass:400
WidthClass:5
AngleClass:0
%EndFont

%BeginFont
Handler:DirectoryHandler
FontType:TrueType
FontName:Georgia
FamilyName:Georgia
StyleName:Regular
FullName:Georgia
WritingScript:Roman
OutlineFileName:\georgia.ttf
DataFormat:sfntData
FileLength:155068
WeightClass:400
WidthClass:5
AngleClass:0
%EndFont

%BeginFont
Handler:DirectoryHandler
FontType:TrueType
FontName:Georgia-Bold
FamilyName:Georgia
StyleName:Bold
FullName:Georgia Bold
WritingScript:Roman
OutlineFileName:\georgiab.ttf
DataFormat:sfntData
FileLength:141032
WeightClass:700
WidthClass:5
AngleClass:0
%EndFont

%BeginFont
Handler:DirectoryHandler
FontType:TrueType
FontName:Georgia-Italic
FamilyName:Georgia
StyleName:Italic
FullName:Georgia Italic
WritingScript:Roman
OutlineFileName:\georgiai.ttf
DataFormat:sfntData
FileLength:157388
WeightClass:400
WidthClass:5
AngleClass:1
%EndFont

%BeginFont
Handler:DirectoryHandler
FontType:TrueType
FontName:Georgia-BoldItalic
FamilyName:Georgia
StyleName:Bold Italic
FullName:Georgia Bold Italic
WritingScript:Roman
OutlineFileName:\georgiaz.ttf
DataFormat:sfntData
FileLength:159736
WeightClass:700
WidthClass:5
AngleClass:1
%EndFont

%BeginFont
Handler:DirectoryHandler
FontType:TrueType
FontName:Gigi-Regular
FamilyName:Gigi
StyleName:Regular
FullName:Gigi
WritingScript:Roman
OutlineFileName:\GIGI.TTF
DataFormat:sfntData
FileLength:142072
WeightClass:400
WidthClass:5
AngleClass:0
%EndFont

%BeginFont
Handler:DirectoryHandler
FontType:TrueType
FontName:GillSansMT-BoldItalic
FamilyName:Gill Sans MT
StyleName:Bold Italic
FullName:Gill Sans MT Bold Italic
WritingScript:Roman
OutlineFileName:\GILBI___.TTF
DataFormat:sfntData
FileLength:71496
WeightClass:700
WidthClass:5
AngleClass:1
%EndFont

%BeginFont
Handler:DirectoryHandler
FontType:TrueType
FontName:GillSansMT-Bold
FamilyName:Gill Sans MT
StyleName:Bold
FullName:Gill Sans MT Bold
WritingScript:Roman
OutlineFileName:\GILB____.TTF
DataFormat:sfntData
FileLength:68304
WeightClass:700
WidthClass:5
AngleClass:0
%EndFont

%BeginFont
Handler:DirectoryHandler
FontType:TrueType
FontName:GillSansMT-Condensed
FamilyName:Gill Sans MT Condensed
StyleName:Regular
FullName:Gill Sans MT Condensed
WritingScript:Roman
OutlineFileName:\GILC____.TTF
DataFormat:sfntData
FileLength:60320
WeightClass:400
WidthClass:3
AngleClass:0
%EndFont

%BeginFont
Handler:DirectoryHandler
FontType:TrueType
FontName:GillSansMT-Italic
FamilyName:Gill Sans MT
StyleName:Italic
FullName:Gill Sans MT Italic
WritingScript:Roman
OutlineFileName:\GILI____.TTF
DataFormat:sfntData
FileLength:69436
WeightClass:400
WidthClass:5
AngleClass:1
%EndFont

%BeginFont
Handler:DirectoryHandler
FontType:TrueType
FontName:GillSans-UltraBoldCondensed
FamilyName:Gill Sans Ultra Bold Condensed
StyleName:Regular
FullName:Gill Sans Ultra Bold Condensed
WritingScript:Roman
OutlineFileName:\GILLUBCD.TTF
DataFormat:sfntData
FileLength:72408
WeightClass:400
WidthClass:3
AngleClass:0
%EndFont

%BeginFont
Handler:DirectoryHandler
FontType:TrueType
FontName:GillSans-UltraBold
FamilyName:Gill Sans Ultra Bold
StyleName:Regular
FullName:Gill Sans Ultra Bold
WritingScript:Roman
OutlineFileName:\GILSANUB.TTF
DataFormat:sfntData
FileLength:73136
WeightClass:400
WidthClass:5
AngleClass:0
%EndFont

%BeginFont
Handler:DirectoryHandler
FontType:TrueType
FontName:GillSansMT
FamilyName:Gill Sans MT
StyleName:Regular
FullName:Gill Sans MT
WritingScript:Roman
OutlineFileName:\GIL_____.TTF
DataFormat:sfntData
FileLength:67416
WeightClass:400
WidthClass:5
AngleClass:0
%EndFont

%BeginFont
Handler:DirectoryHandler
FontType:TrueType
FontName:GloucesterMT-ExtraCondensed
FamilyName:Gloucester MT Extra Condensed
StyleName:Regular
FullName:Gloucester MT Extra Condensed
WritingScript:Roman
OutlineFileName:\GLECB.TTF
DataFormat:sfntData
FileLength:72676
WeightClass:400
WidthClass:2
AngleClass:0
%EndFont

%BeginFont
Handler:DirectoryHandler
FontType:TrueType
FontName:GillSansMT-ExtraCondensedBold
FamilyName:Gill Sans MT Ext Condensed Bold
StyleName:Regular
FullName:Gill Sans MT Ext Condensed Bold
WritingScript:Roman
OutlineFileName:\GLSNECB.TTF
DataFormat:sfntData
FileLength:84668
WeightClass:400
WidthClass:2
AngleClass:0
%EndFont

%BeginFont
Handler:DirectoryHandler
FontType:TrueType
FontName:CenturyGothic
FamilyName:Century Gothic
StyleName:Regular
FullName:Century Gothic
WritingScript:Roman
OutlineFileName:\GOTHIC.TTF
DataFormat:sfntData
FileLength:137568
WeightClass:400
WidthClass:5
AngleClass:0
%EndFont

%BeginFont
Handler:DirectoryHandler
FontType:TrueType
FontName:CenturyGothic-Bold
FamilyName:Century Gothic
StyleName:Bold
FullName:Century Gothic Bold
WritingScript:Roman
OutlineFileName:\GOTHICB.TTF
DataFormat:sfntData
FileLength:129676
WeightClass:700
WidthClass:5
AngleClass:0
%EndFont

%BeginFont
Handler:DirectoryHandler
FontType:TrueType
FontName:CenturyGothic-BoldItalic
FamilyName:Century Gothic
StyleName:Bold Italic
FullName:Century Gothic Bold Italic
WritingScript:Roman
OutlineFileName:\GOTHICBI.TTF
DataFormat:sfntData
FileLength:139084
WeightClass:700
WidthClass:5
AngleClass:1
%EndFont

%BeginFont
Handler:DirectoryHandler
FontType:TrueType
FontName:CenturyGothic-Italic
FamilyName:Century Gothic
StyleName:Italic
FullName:Century Gothic Italic
WritingScript:Roman
OutlineFileName:\GOTHICI.TTF
DataFormat:sfntData
FileLength:148520
WeightClass:400
WidthClass:5
AngleClass:1
%EndFont

%BeginFont
Handler:DirectoryHandler
FontType:TrueType
FontName:GoudyOldStyleT-Regular
FamilyName:Goudy Old Style
StyleName:Regular
FullName:Goudy Old Style
WritingScript:Roman
OutlineFileName:\GOUDOS.TTF
DataFormat:sfntData
FileLength:81376
WeightClass:400
WidthClass:6
AngleClass:0
%EndFont

%BeginFont
Handler:DirectoryHandler
FontType:TrueType
FontName:GoudyOldStyleT-Bold
FamilyName:Goudy Old Style
StyleName:Bold
FullName:Goudy Old Style Bold
WritingScript:Roman
OutlineFileName:\GOUDOSB.TTF
DataFormat:sfntData
FileLength:82796
WeightClass:700
WidthClass:6
AngleClass:0
%EndFont

%BeginFont
Handler:DirectoryHandler
FontType:TrueType
FontName:GoudyOldStyleT-Italic
FamilyName:Goudy Old Style
StyleName:Italic
FullName:Goudy Old Style Italic
WritingScript:Roman
OutlineFileName:\GOUDOSI.TTF
DataFormat:sfntData
FileLength:80280
WeightClass:400
WidthClass:5
AngleClass:1
%EndFont

%BeginFont
Handler:DirectoryHandler
FontType:TrueType
FontName:GoudyStout
FamilyName:Goudy Stout
StyleName:Regular
FullName:Goudy Stout
WritingScript:Roman
OutlineFileName:\GOUDYSTO.TTF
DataFormat:sfntData
FileLength:55956
WeightClass:400
WidthClass:5
AngleClass:0
%EndFont

%BeginFont
Handler:DirectoryHandler
FontType:TrueType
FontName:Haettenschweiler
FamilyName:Haettenschweiler
StyleName:Regular
FullName:Haettenschweiler
WritingScript:Roman
OutlineFileName:\HATTEN.TTF
DataFormat:sfntData
FileLength:101592
WeightClass:500
WidthClass:5
AngleClass:0
%EndFont

%BeginFont
Handler:DirectoryHandler
FontType:TrueType
FontName:Impact
FamilyName:Impact
StyleName:Regular
FullName:Impact
WritingScript:Roman
OutlineFileName:\impact.ttf
DataFormat:sfntData
FileLength:136076
WeightClass:400
WidthClass:3
AngleClass:0
%EndFont

%BeginFont
Handler:DirectoryHandler
FontType:TrueType
FontName:ImprintMT-Shadow
FamilyName:Imprint MT Shadow
StyleName:Regular
FullName:Imprint MT Shadow
WritingScript:Roman
OutlineFileName:\IMPRISHA.TTF
DataFormat:sfntData
FileLength:60488
WeightClass:400
WidthClass:5
AngleClass:0
%EndFont

%BeginFont
Handler:DirectoryHandler
FontType:TrueType
FontName:BlackadderITC-Regular
FamilyName:Blackadder ITC
StyleName:Regular
FullName:Blackadder ITC
WritingScript:Roman
OutlineFileName:\ITCBLKAD.TTF
DataFormat:sfntData
FileLength:132372
WeightClass:400
WidthClass:5
AngleClass:0
%EndFont

%BeginFont
Handler:DirectoryHandler
FontType:TrueType
FontName:EdwardianScriptITC
FamilyName:Edwardian Script ITC
StyleName:Regular
FullName:Edwardian Script ITC
WritingScript:Roman
OutlineFileName:\ITCEDSCR.TTF
DataFormat:sfntData
FileLength:64056
WeightClass:400
WidthClass:6
AngleClass:0
%EndFont

%BeginFont
Handler:DirectoryHandler
FontType:TrueType
FontName:KristenITC-Regular
FamilyName:Kristen ITC
StyleName:Regular
FullName:Kristen ITC
WritingScript:Roman
OutlineFileName:\ITCKRIST.TTF
DataFormat:sfntData
FileLength:59712
WeightClass:400
WidthClass:6
AngleClass:0
%EndFont

%BeginFont
Handler:DirectoryHandler
FontType:TrueType
FontName:JuiceITC-Regular
FamilyName:Juice ITC
StyleName:Regular
FullName:Juice ITC
WritingScript:Roman
OutlineFileName:\JUICE___.TTF
DataFormat:sfntData
FileLength:62884
WeightClass:400
WidthClass:5
AngleClass:0
%EndFont

%BeginFont
Handler:DirectoryHandler
FontType:TrueType
FontName:Kartika
FamilyName:Kartika
StyleName:Regular
FullName:Kartika
WritingScript:Roman
OutlineFileName:\kartika.ttf
DataFormat:sfntData
FileLength:121452
WeightClass:400
WidthClass:5
AngleClass:0
%EndFont

%BeginFont
Handler:DirectoryHandler
FontType:TrueType
FontName:Latha
FamilyName:Latha
StyleName:Regular
FullName:Latha
WritingScript:Roman
OutlineFileName:\latha.ttf
DataFormat:sfntData
FileLength:73292
WeightClass:400
WidthClass:5
AngleClass:0
%EndFont

%BeginFont
Handler:DirectoryHandler
FontType:TrueType
FontName:LucidaHandwriting-Italic
FamilyName:Lucida Handwriting
StyleName:Italic
FullName:Lucida Handwriting Italic
WritingScript:Roman
OutlineFileName:\LHANDW.TTF
DataFormat:sfntData
FileLength:62484
WeightClass:400
WidthClass:5
AngleClass:1
%EndFont

%BeginFont
Handler:DirectoryHandler
FontType:TrueType
FontName:LucidaSans
FamilyName:Lucida Sans
StyleName:Regular
FullName:Lucida Sans Regular
WritingScript:Roman
OutlineFileName:\LSANS.TTF
DataFormat:sfntData
FileLength:64608
WeightClass:400
WidthClass:5
AngleClass:0
%EndFont

%BeginFont
Handler:DirectoryHandler
FontType:TrueType
FontName:LucidaSans-Demi
FamilyName:Lucida Sans
StyleName:Demibold Roman
FullName:Lucida Sans Demibold Roman
WritingScript:Roman
OutlineFileName:\LSANSD.TTF
DataFormat:sfntData
FileLength:59976
WeightClass:600
WidthClass:5
AngleClass:0
%EndFont

%BeginFont
Handler:DirectoryHandler
FontType:TrueType
FontName:LucidaSans-DemiItalic
FamilyName:Lucida Sans
StyleName:Demibold Italic
FullName:Lucida Sans Demibold Italic
WritingScript:Roman
OutlineFileName:\LSANSDI.TTF
DataFormat:sfntData
FileLength:66320
WeightClass:600
WidthClass:5
AngleClass:1
%EndFont

%BeginFont
Handler:DirectoryHandler
FontType:TrueType
FontName:LucidaSans-Italic
FamilyName:Lucida Sans
StyleName:Italic
FullName:Lucida Sans Italic
WritingScript:Roman
OutlineFileName:\LSANSI.TTF
DataFormat:sfntData
FileLength:65412
WeightClass:400
WidthClass:5
AngleClass:1
%EndFont

%BeginFont
Handler:DirectoryHandler
FontType:TrueType
FontName:LucidaSans-Typewriter
FamilyName:Lucida Sans Typewriter
StyleName:Regular
FullName:Lucida Sans Typewriter Regular
WritingScript:Roman
OutlineFileName:\LTYPE.TTF
DataFormat:sfntData
FileLength:55984
WeightClass:400
WidthClass:4
AngleClass:0
%EndFont

%BeginFont
Handler:DirectoryHandler
FontType:TrueType
FontName:LucidaSans-TypewriterBold
FamilyName:Lucida Sans Typewriter
StyleName:Bold
FullName:Lucida Sans Typewriter Bold
WritingScript:Roman
OutlineFileName:\LTYPEB.TTF
DataFormat:sfntData
FileLength:52868
WeightClass:600
WidthClass:4
AngleClass:0
%EndFont

%BeginFont
Handler:DirectoryHandler
FontType:TrueType
FontName:LucidaSans-TypewriterBoldOblique
FamilyName:Lucida Sans Typewriter
StyleName:Bold Oblique
FullName:Lucida Sans Typewriter Bold Oblique
WritingScript:Roman
OutlineFileName:\LTYPEBO.TTF
DataFormat:sfntData
FileLength:54620
WeightClass:600
WidthClass:4
AngleClass:1
%EndFont

%BeginFont
Handler:DirectoryHandler
FontType:TrueType
FontName:LucidaSans-TypewriterOblique
FamilyName:Lucida Sans Typewriter
StyleName:Oblique
FullName:Lucida Sans Typewriter Oblique
WritingScript:Roman
OutlineFileName:\LTYPEO.TTF
DataFormat:sfntData
FileLength:65412
WeightClass:400
WidthClass:4
AngleClass:1
%EndFont

%BeginFont
Handler:DirectoryHandler
FontType:TrueType
FontName:LucidaConsole
FamilyName:Lucida Console
StyleName:Regular
FullName:Lucida Console
WritingScript:Roman
OutlineFileName:\lucon.ttf
DataFormat:sfntData
FileLength:115068
WeightClass:400
WidthClass:4
AngleClass:0
%EndFont

%BeginFont
Handler:DirectoryHandler
FontType:TrueType
FontName:LucidaSansUnicode
FamilyName:Lucida Sans Unicode
StyleName:Regular
FullName:Lucida Sans Unicode
WritingScript:Roman
OutlineFileName:\l_10646.ttf
DataFormat:sfntData
FileLength:323980
WeightClass:400
WidthClass:5
AngleClass:0
%EndFont

%BeginFont
Handler:DirectoryHandler
FontType:TrueType
FontName:MaiandraGD-Regular
FamilyName:Maiandra GD
StyleName:Regular
FullName:Maiandra GD
WritingScript:Roman
OutlineFileName:\MAIAN.TTF
DataFormat:sfntData
FileLength:61384
WeightClass:400
WidthClass:5
AngleClass:0
%EndFont

%BeginFont
Handler:DirectoryHandler
FontType:TrueType
FontName:Mangal-Regular
FamilyName:Mangal
StyleName:Regular
FullName:Mangal
WritingScript:Roman
OutlineFileName:\mangal.ttf
DataFormat:sfntData
FileLength:143864
WeightClass:400
WidthClass:5
AngleClass:0
%EndFont

%BeginFont
Handler:DirectoryHandler
FontType:TrueType
FontName:Marlett
FamilyName:Marlett
StyleName:Regular
FullName:Marlett
WritingScript:Roman
OutlineFileName:\marlett.ttf
DataFormat:sfntData
FileLength:24124
WeightClass:500
WidthClass:5
AngleClass:0
%EndFont

%BeginFont
Handler:DirectoryHandler
FontType:TrueType
FontName:MicrosoftSansSerif
FamilyName:Microsoft Sans Serif
StyleName:Regular
FullName:Microsoft Sans Serif
WritingScript:Roman
OutlineFileName:\micross.ttf
DataFormat:sfntData
FileLength:305724
WeightClass:400
WidthClass:5
AngleClass:0
%EndFont

%BeginFont
Handler:DirectoryHandler
FontType:TrueType
FontName:Mistral
FamilyName:Mistral
StyleName:Regular
FullName:Mistral
WritingScript:Roman
OutlineFileName:\MISTRAL.TTF
DataFormat:sfntData
FileLength:191716
WeightClass:400
WidthClass:5
AngleClass:0
%EndFont

%BeginFont
Handler:DirectoryHandler
FontType:Invalid
OutlineFileName:\modern.fon
%EndFont

%BeginFont
Handler:DirectoryHandler
FontType:TrueType
FontName:MonotypeCorsiva
FamilyName:Monotype Corsiva
StyleName:Regular
FullName:Monotype Corsiva
WritingScript:Roman
OutlineFileName:\MTCORSVA.TTF
DataFormat:sfntData
FileLength:157360
WeightClass:400
WidthClass:5
AngleClass:1
%EndFont

%BeginFont
Handler:DirectoryHandler
FontType:TrueType
FontName:MVBoli
FamilyName:MV Boli
StyleName:Regular
FullName:MV Boli
WritingScript:Roman
OutlineFileName:\mvboli.ttf
DataFormat:sfntData
FileLength:40500
WeightClass:400
WidthClass:5
AngleClass:1
%EndFont

%BeginFont
Handler:DirectoryHandler
FontType:TrueType
FontName:OCR-AII
FamilyName:OCR-A II
StyleName:Regular
FullName:OCR-A II
WritingScript:Roman
OutlineFileName:\OCRA2_P.TTF
DataFormat:sfntData
FileLength:28532
WeightClass:400
WidthClass:5
AngleClass:0
%EndFont

%BeginFont
Handler:DirectoryHandler
FontType:TrueType
FontName:OCRAExtended
FamilyName:OCR A Extended
StyleName:Regular
FullName:OCR A Extended
WritingScript:Roman
OutlineFileName:\OCRAEXT.TTF
DataFormat:sfntData
FileLength:55400
WeightClass:400
WidthClass:5
AngleClass:0
%EndFont

%BeginFont
Handler:DirectoryHandler
FontType:TrueType
FontName:OCRBMT
FamilyName:OCR B MT
StyleName:Regular
FullName:OCR B MT
WritingScript:Roman
OutlineFileName:\OCRBMT.TTF
DataFormat:sfntData
FileLength:24612
WeightClass:400
WidthClass:5
AngleClass:0
%EndFont

%BeginFont
Handler:DirectoryHandler
FontType:TrueType
FontName:OpenSymbol
FamilyName:OpenSymbol
StyleName:Regular
FullName:OpenSymbol
FamilyNameNative:
StyleNameNative:
FullNameNative:
WritingScript:Japanese
OutlineFileName:\opens___.ttf
DataFormat:sfntData
FileLength:51220
WeightClass:400
WidthClass:5
AngleClass:0
%EndFont

%BeginFont
Handler:DirectoryHandler
FontType:TrueType
FontName:MSOutlook
FamilyName:MS Outlook
StyleName:Regular
FullName:MS Outlook
WritingScript:Roman
OutlineFileName:\OUTLOOK.TTF
DataFormat:sfntData
FileLength:10028
WeightClass:400
WidthClass:5
AngleClass:0
%EndFont

%BeginFont
Handler:DirectoryHandler
FontType:TrueType
FontName:PalatinoLinotype-Roman
FamilyName:Palatino Linotype
StyleName:Regular
FullName:Palatino Linotype
WritingScript:Roman
OutlineFileName:\pala.ttf
DataFormat:sfntData
FileLength:489884
WeightClass:400
WidthClass:5
AngleClass:0
%EndFont

%BeginFont
Handler:DirectoryHandler
FontType:TrueType
FontName:PalatinoLinotype-Bold
FamilyName:Palatino Linotype
StyleName:Bold
FullName:Palatino Linotype Bold
WritingScript:Roman
OutlineFileName:\palab.ttf
DataFormat:sfntData
FileLength:434004
WeightClass:700
WidthClass:5
AngleClass:0
%EndFont

%BeginFont
Handler:DirectoryHandler
FontType:TrueType
FontName:PalatinoLinotype-BoldItalic
FamilyName:Palatino Linotype
StyleName:Bold Italic
FullName:Palatino Linotype Bold Italic
WritingScript:Roman
OutlineFileName:\palabi.ttf
DataFormat:sfntData
FileLength:344288
WeightClass:700
WidthClass:5
AngleClass:1
%EndFont

%BeginFont
Handler:DirectoryHandler
FontType:TrueType
FontName:PalatinoLinotype-Italic
FamilyName:Palatino Linotype
StyleName:Italic
FullName:Palatino Linotype Italic
WritingScript:Roman
OutlineFileName:\palai.ttf
DataFormat:sfntData
FileLength:430800
WeightClass:400
WidthClass:5
AngleClass:1
%EndFont

%BeginFont
Handler:DirectoryHandler
FontType:TrueType
FontName:PalaceScriptMT
FamilyName:Palace Script MT
StyleName:Regular
FullName:Palace Script MT
WritingScript:Roman
OutlineFileName:\PALSCRI.TTF
DataFormat:sfntData
FileLength:51404
WeightClass:400
WidthClass:5
AngleClass:1
%EndFont

%BeginFont
Handler:DirectoryHandler
FontType:TrueType
FontName:Papyrus-Regular
FamilyName:Papyrus
StyleName:Regular
FullName:Papyrus
WritingScript:Roman
OutlineFileName:\PAPYRUS.TTF
DataFormat:sfntData
FileLength:163476
WeightClass:400
WidthClass:5
AngleClass:0
%EndFont

%BeginFont
Handler:DirectoryHandler
FontType:TrueType
FontName:Perpetua-BoldItalic
FamilyName:Perpetua
StyleName:Bold Italic
FullName:Perpetua Bold Italic
WritingScript:Roman
OutlineFileName:\PERBI___.TTF
DataFormat:sfntData
FileLength:75620
WeightClass:700
WidthClass:5
AngleClass:1
%EndFont

%BeginFont
Handler:DirectoryHandler
FontType:TrueType
FontName:Perpetua-Bold
FamilyName:Perpetua
StyleName:Bold
FullName:Perpetua Bold
WritingScript:Roman
OutlineFileName:\PERB____.TTF
DataFormat:sfntData
FileLength:58512
WeightClass:700
WidthClass:5
AngleClass:0
%EndFont

%BeginFont
Handler:DirectoryHandler
FontType:TrueType
FontName:Perpetua-Italic
FamilyName:Perpetua
StyleName:Italic
FullName:Perpetua Italic
WritingScript:Roman
OutlineFileName:\PERI____.TTF
DataFormat:sfntData
FileLength:76080
WeightClass:400
WidthClass:5
AngleClass:1
%EndFont

%BeginFont
Handler:DirectoryHandler
FontType:TrueType
FontName:PerpetuaTitlingMT-Bold
FamilyName:Perpetua Titling MT
StyleName:Bold
FullName:Perpetua Titling MT Bold
WritingScript:Roman
OutlineFileName:\PERTIBD.TTF
DataFormat:sfntData
FileLength:48320
WeightClass:700
WidthClass:5
AngleClass:0
%EndFont

%BeginFont
Handler:DirectoryHandler
FontType:TrueType
FontName:PerpetuaTitlingMT-Light
FamilyName:Perpetua Titling MT
StyleName:Light
FullName:Perpetua Titling MT Light
WritingScript:Roman
OutlineFileName:\PERTILI.TTF
DataFormat:sfntData
FileLength:43800
WeightClass:300
WidthClass:5
AngleClass:0
%EndFont

%BeginFont
Handler:DirectoryHandler
FontType:TrueType
FontName:Perpetua
FamilyName:Perpetua
StyleName:Regular
FullName:Perpetua
WritingScript:Roman
OutlineFileName:\PER_____.TTF
DataFormat:sfntData
FileLength:60216
WeightClass:400
WidthClass:5
AngleClass:0
%EndFont

%BeginFont
Handler:DirectoryHandler
FontType:TrueType
FontName:Pristina-Regular
FamilyName:Pristina
StyleName:Regular
FullName:Pristina
WritingScript:Roman
OutlineFileName:\PRISTINA.TTF
DataFormat:sfntData
FileLength:82680
WeightClass:400
WidthClass:5
AngleClass:0
%EndFont

%BeginFont
Handler:DirectoryHandler
FontType:TrueType
FontName:QuickTypeIICondensed-Bold
FamilyName:QuickType II Condensed
StyleName:Bold
FullName:QuickType II Condensed Bold
WritingScript:Roman
OutlineFileName:\QT2C_B.TTF
DataFormat:sfntData
FileLength:32764
WeightClass:700
WidthClass:3
AngleClass:0
%EndFont

%BeginFont
Handler:DirectoryHandler
FontType:TrueType
FontName:QuickTypeIICondensed-Italic
FamilyName:QuickType II Condensed
StyleName:Italic
FullName:QuickType II Condensed Italic
WritingScript:Roman
OutlineFileName:\QT2C_I.TTF
DataFormat:sfntData
FileLength:32012
WeightClass:400
WidthClass:3
AngleClass:1
%EndFont

%BeginFont
Handler:DirectoryHandler
FontType:TrueType
FontName:QuickTypeIICondensed
FamilyName:QuickType II Condensed
StyleName:Regular
FullName:QuickType II Condensed
WritingScript:Roman
OutlineFileName:\QT2C_P.TTF
DataFormat:sfntData
FileLength:35064
WeightClass:400
WidthClass:3
AngleClass:0
%EndFont

%BeginFont
Handler:DirectoryHandler
FontType:TrueType
FontName:QuickTypeIIMono
FamilyName:QuickType II Mono
StyleName:Regular
FullName:QuickType II Mono
WritingScript:Roman
OutlineFileName:\QT2M_P.TTF
DataFormat:sfntData
FileLength:52424
WeightClass:400
WidthClass:5
AngleClass:0
%EndFont

%BeginFont
Handler:DirectoryHandler
FontType:TrueType
FontName:QuickTypeIIPi
FamilyName:QuickType II Pi
StyleName:Regular
FullName:QuickType II Pi
WritingScript:Roman
OutlineFileName:\QT2PI_P.TTF
DataFormat:sfntData
FileLength:20900
WeightClass:400
WidthClass:5
AngleClass:0
%EndFont

%BeginFont
Handler:DirectoryHandler
FontType:TrueType
FontName:QuickTypeII-Bold
FamilyName:QuickType II
StyleName:Bold
FullName:QuickType II Bold
WritingScript:Roman
OutlineFileName:\QT2_B.TTF
DataFormat:sfntData
FileLength:31276
WeightClass:700
WidthClass:5
AngleClass:0
%EndFont

%BeginFont
Handler:DirectoryHandler
FontType:TrueType
FontName:QuickTypeII-Italic
FamilyName:QuickType II
StyleName:Italic
FullName:QuickType II Italic
WritingScript:Roman
OutlineFileName:\QT2_I.TTF
DataFormat:sfntData
FileLength:35632
WeightClass:400
WidthClass:5
AngleClass:1
%EndFont

%BeginFont
Handler:DirectoryHandler
FontType:TrueType
FontName:QuickTypeII
FamilyName:QuickType II
StyleName:Regular
FullName:QuickType II
WritingScript:Roman
OutlineFileName:\QT2_P.TTF
DataFormat:sfntData
FileLength:30892
WeightClass:400
WidthClass:5
AngleClass:0
%EndFont

%BeginFont
Handler:DirectoryHandler
FontType:TrueType
FontName:Raavi
FamilyName:Raavi
StyleName:Regular
FullName:Raavi
WritingScript:Roman
OutlineFileName:\raavi.ttf
DataFormat:sfntData
FileLength:57348
WeightClass:400
WidthClass:5
AngleClass:0
%EndFont

%BeginFont
Handler:DirectoryHandler
FontType:TrueType
FontName:RageItalic
FamilyName:Rage Italic
StyleName:Regular
FullName:Rage Italic
WritingScript:Roman
OutlineFileName:\RAGE.TTF
DataFormat:sfntData
FileLength:132600
WeightClass:400
WidthClass:5
AngleClass:0
%EndFont

%BeginFont
Handler:DirectoryHandler
FontType:TrueType
FontName:MSReferenceSansSerif
FamilyName:MS Reference Sans Serif
StyleName:Regular
FullName:MS Reference Sans Serif
WritingScript:Roman
OutlineFileName:\REFSAN.TTF
DataFormat:sfntData
FileLength:220172
WeightClass:400
WidthClass:5
AngleClass:0
%EndFont

%BeginFont
Handler:DirectoryHandler
FontType:TrueType
FontName:MSReferenceSpecialty
FamilyName:MS Reference Specialty
StyleName:Regular
FullName:MS Reference Specialty
WritingScript:Roman
OutlineFileName:\REFSPCL.TTF
DataFormat:sfntData
FileLength:53288
WeightClass:400
WidthClass:5
AngleClass:0
%EndFont

%BeginFont
Handler:DirectoryHandler
FontType:TrueType
FontName:Rockwell-CondensedBold
FamilyName:Rockwell Condensed
StyleName:Bold
FullName:Rockwell Condensed Bold
WritingScript:Roman
OutlineFileName:\ROCCB___.TTF
DataFormat:sfntData
FileLength:59444
WeightClass:700
WidthClass:3
AngleClass:0
%EndFont

%BeginFont
Handler:DirectoryHandler
FontType:TrueType
FontName:Rockwell-Condensed
FamilyName:Rockwell Condensed
StyleName:Regular
FullName:Rockwell Condensed
WritingScript:Roman
OutlineFileName:\ROCC____.TTF
DataFormat:sfntData
FileLength:55824
WeightClass:400
WidthClass:3
AngleClass:0
%EndFont

%BeginFont
Handler:DirectoryHandler
FontType:TrueType
FontName:Rockwell
FamilyName:Rockwell
StyleName:Regular
FullName:Rockwell
WritingScript:Roman
OutlineFileName:\ROCK.TTF
DataFormat:sfntData
FileLength:72272
WeightClass:400
WidthClass:5
AngleClass:0
%EndFont

%BeginFont
Handler:DirectoryHandler
FontType:TrueType
FontName:Rockwell-Bold
FamilyName:Rockwell
StyleName:Bold
FullName:Rockwell Bold
WritingScript:Roman
OutlineFileName:\ROCKB.TTF
DataFormat:sfntData
FileLength:68780
WeightClass:700
WidthClass:5
AngleClass:0
%EndFont

%BeginFont
Handler:DirectoryHandler
FontType:TrueType
FontName:Rockwell-BoldItalic
FamilyName:Rockwell
StyleName:Bold Italic
FullName:Rockwell Bold Italic
WritingScript:Roman
OutlineFileName:\ROCKBI.TTF
DataFormat:sfntData
FileLength:73700
WeightClass:700
WidthClass:5
AngleClass:1
%EndFont

%BeginFont
Handler:DirectoryHandler
FontType:TrueType
FontName:Rockwell-ExtraBold
FamilyName:Rockwell Extra Bold
StyleName:Regular
FullName:Rockwell Extra Bold
WritingScript:Roman
OutlineFileName:\ROCKEB.TTF
DataFormat:sfntData
FileLength:49168
WeightClass:800
WidthClass:5
AngleClass:0
%EndFont

%BeginFont
Handler:DirectoryHandler
FontType:TrueType
FontName:Rockwell-Italic
FamilyName:Rockwell
StyleName:Italic
FullName:Rockwell Italic
WritingScript:Roman
OutlineFileName:\ROCKI.TTF
DataFormat:sfntData
FileLength:76756
WeightClass:400
WidthClass:5
AngleClass:1
%EndFont

%BeginFont
Handler:DirectoryHandler
FontType:Invalid
OutlineFileName:\roman.fon
%EndFont

%BeginFont
Handler:DirectoryHandler
FontType:TrueType
FontName:CenturySchoolbook-Bold
FamilyName:Century Schoolbook
StyleName:Bold
FullName:Century Schoolbook Bold
WritingScript:Roman
OutlineFileName:\SCHLBKB.TTF
DataFormat:sfntData
FileLength:168756
WeightClass:0
WidthClass:0
AngleClass:0
%EndFont

%BeginFont
Handler:DirectoryHandler
FontType:TrueType
FontName:CenturySchoolbook-BoldItalic
FamilyName:Century Schoolbook
StyleName:Bold Italic
FullName:Century Schoolbook Bold Italic
WritingScript:Roman
OutlineFileName:\SCHLBKBI.TTF
DataFormat:sfntData
FileLength:160964
WeightClass:700
WidthClass:5
AngleClass:1
%EndFont

%BeginFont
Handler:DirectoryHandler
FontType:TrueType
FontName:CenturySchoolbook-Italic
FamilyName:Century Schoolbook
StyleName:Italic
FullName:Century Schoolbook Italic
WritingScript:Roman
OutlineFileName:\SCHLBKI.TTF
DataFormat:sfntData
FileLength:163164
WeightClass:400
WidthClass:5
AngleClass:1
%EndFont

%BeginFont
Handler:DirectoryHandler
FontType:Invalid
OutlineFileName:\script.fon
%EndFont

%BeginFont
Handler:DirectoryHandler
FontType:TrueType
FontName:ScriptMTBold
FamilyName:Script MT Bold
StyleName:Regular
FullName:Script MT Bold
WritingScript:Roman
OutlineFileName:\SCRIPTBL.TTF
DataFormat:sfntData
FileLength:55500
WeightClass:0
WidthClass:0
AngleClass:0
%EndFont

%BeginFont
Handler:DirectoryHandler
FontType:Invalid
OutlineFileName:\sere1257.fon
%EndFont

%BeginFont
Handler:DirectoryHandler
FontType:Invalid
OutlineFileName:\serf1257.fon
%EndFont

%BeginFont
Handler:DirectoryHandler
FontType:Invalid
OutlineFileName:\serife.fon
%EndFont

%BeginFont
Handler:DirectoryHandler
FontType:Invalid
OutlineFileName:\serifee.fon
%EndFont

%BeginFont
Handler:DirectoryHandler
FontType:Invalid
OutlineFileName:\serifeg.fon
%EndFont

%BeginFont
Handler:DirectoryHandler
FontType:Invalid
OutlineFileName:\serifer.fon
%EndFont

%BeginFont
Handler:DirectoryHandler
FontType:Invalid
OutlineFileName:\serifet.fon
%EndFont

%BeginFont
Handler:DirectoryHandler
FontType:Invalid
OutlineFileName:\seriff.fon
%EndFont

%BeginFont
Handler:DirectoryHandler
FontType:Invalid
OutlineFileName:\seriffe.fon
%EndFont

%BeginFont
Handler:DirectoryHandler
FontType:Invalid
OutlineFileName:\seriffg.fon
%EndFont

%BeginFont
Handler:DirectoryHandler
FontType:Invalid
OutlineFileName:\seriffr.fon
%EndFont

%BeginFont
Handler:DirectoryHandler
FontType:Invalid
OutlineFileName:\serifft.fon
%EndFont

%BeginFont
Handler:DirectoryHandler
FontType:TrueType
FontName:Shruti
FamilyName:Shruti
StyleName:Regular
FullName:Shruti
WritingScript:Roman
OutlineFileName:\shruti.ttf
DataFormat:sfntData
FileLength:234280
WeightClass:400
WidthClass:5
AngleClass:0
%EndFont

%BeginFont
Handler:DirectoryHandler
FontType:Invalid
OutlineFileName:\smae1257.fon
%EndFont

%BeginFont
Handler:DirectoryHandler
FontType:Invalid
OutlineFileName:\smaf1257.fon
%EndFont

%BeginFont
Handler:DirectoryHandler
FontType:Invalid
OutlineFileName:\smalle.fon
%EndFont

%BeginFont
Handler:DirectoryHandler
FontType:Invalid
OutlineFileName:\smallee.fon
%EndFont

%BeginFont
Handler:DirectoryHandler
FontType:Invalid
OutlineFileName:\smalleg.fon
%EndFont

%BeginFont
Handler:DirectoryHandler
FontType:Invalid
OutlineFileName:\smaller.fon
%EndFont

%BeginFont
Handler:DirectoryHandler
FontType:Invalid
OutlineFileName:\smallet.fon
%EndFont

%BeginFont
Handler:DirectoryHandler
FontType:Invalid
OutlineFileName:\smallf.fon
%EndFont

%BeginFont
Handler:DirectoryHandler
FontType:Invalid
OutlineFileName:\smallfe.fon
%EndFont

%BeginFont
Handler:DirectoryHandler
FontType:Invalid
OutlineFileName:\smallfg.fon
%EndFont

%BeginFont
Handler:DirectoryHandler
FontType:Invalid
OutlineFileName:\smallfr.fon
%EndFont

%BeginFont
Handler:DirectoryHandler
FontType:Invalid
OutlineFileName:\smallft.fon
%EndFont

%BeginFont
Handler:DirectoryHandler
FontType:Invalid
OutlineFileName:\ssee1257.fon
%EndFont

%BeginFont
Handler:DirectoryHandler
FontType:Invalid
OutlineFileName:\ssef1257.fon
%EndFont

%BeginFont
Handler:DirectoryHandler
FontType:Invalid
OutlineFileName:\sserife.fon
%EndFont

%BeginFont
Handler:DirectoryHandler
FontType:Invalid
OutlineFileName:\sserifee.fon
%EndFont

%BeginFont
Handler:DirectoryHandler
FontType:Invalid
OutlineFileName:\sserifeg.fon
%EndFont

%BeginFont
Handler:DirectoryHandler
FontType:Invalid
OutlineFileName:\sserifer.fon
%EndFont

%BeginFont
Handler:DirectoryHandler
FontType:Invalid
OutlineFileName:\sserifet.fon
%EndFont

%BeginFont
Handler:DirectoryHandler
FontType:Invalid
OutlineFileName:\sseriff.fon
%EndFont

%BeginFont
Handler:DirectoryHandler
FontType:Invalid
OutlineFileName:\sseriffe.fon
%EndFont

%BeginFont
Handler:DirectoryHandler
FontType:Invalid
OutlineFileName:\sseriffg.fon
%EndFont

%BeginFont
Handler:DirectoryHandler
FontType:Invalid
OutlineFileName:\sseriffr.fon
%EndFont

%BeginFont
Handler:DirectoryHandler
FontType:Invalid
OutlineFileName:\sserifft.fon
%EndFont

%BeginFont
Handler:DirectoryHandler
FontType:TrueType
FontName:SutonnyMJ
FamilyName:SutonnyMJ
StyleName:Regular
FullName:SutonnyMJ
WritingScript:Roman
OutlineFileName:\SUTOM___[i].TTF
DataFormat:sfntData
FileLength:64112
WeightClass:0
WidthClass:0
AngleClass:0
%EndFont

%BeginFont
Handler:DirectoryHandler
FontType:TrueType
FontName:Sylfaen
FamilyName:Sylfaen
StyleName:Regular
FullName:Sylfaen
WritingScript:Roman
OutlineFileName:\sylfaen.ttf
DataFormat:sfntData
FileLength:221676
WeightClass:400
WidthClass:5
AngleClass:0
%EndFont

%BeginFont
Handler:DirectoryHandler
FontType:TrueType
FontName:SymbolMT
FamilyName:Symbol
StyleName:Regular
FullName:Symbol
WritingScript:Roman
OutlineFileName:\symbol.ttf
DataFormat:sfntData
FileLength:69464
WeightClass:400
WidthClass:5
AngleClass:0
%EndFont

%BeginFont
Handler:DirectoryHandler
FontType:Invalid
OutlineFileName:\symbole.fon
%EndFont

%BeginFont
Handler:DirectoryHandler
FontType:TrueType
FontName:Tahoma
FamilyName:Tahoma
StyleName:Regular
FullName:Tahoma
WritingScript:Roman
OutlineFileName:\tahoma.ttf
DataFormat:sfntData
FileLength:379588
WeightClass:400
WidthClass:5
AngleClass:0
%EndFont

%BeginFont
Handler:DirectoryHandler
FontType:TrueType
FontName:Tahoma-Bold
FamilyName:Tahoma
StyleName:Bold
FullName:Tahoma Bold
WritingScript:Roman
OutlineFileName:\tahomabd.ttf
DataFormat:sfntData
FileLength:352020
WeightClass:700
WidthClass:5
AngleClass:0
%EndFont

%BeginFont
Handler:DirectoryHandler
FontType:TrueType
FontName:TwCenMT-BoldItalic
FamilyName:Tw Cen MT
StyleName:Bold Italic
FullName:Tw Cen MT Bold Italic
WritingScript:Roman
OutlineFileName:\TCBI____.TTF
DataFormat:sfntData
FileLength:73856
WeightClass:700
WidthClass:5
AngleClass:1
%EndFont

%BeginFont
Handler:DirectoryHandler
FontType:TrueType
FontName:TwCenMT-Bold
FamilyName:Tw Cen MT
StyleName:Bold
FullName:Tw Cen MT Bold
WritingScript:Roman
OutlineFileName:\TCB_____.TTF
DataFormat:sfntData
FileLength:74656
WeightClass:700
WidthClass:5
AngleClass:0
%EndFont

%BeginFont
Handler:DirectoryHandler
FontType:TrueType
FontName:TwCenMT-CondensedBold
FamilyName:Tw Cen MT Condensed
StyleName:Bold
FullName:Tw Cen MT Condensed Bold
WritingScript:Roman
OutlineFileName:\TCCB____.TTF
DataFormat:sfntData
FileLength:66020
WeightClass:700
WidthClass:5
AngleClass:0
%EndFont

%BeginFont
Handler:DirectoryHandler
FontType:TrueType
FontName:TwCenMT-CondensedExtraBold
FamilyName:Tw Cen MT Condensed Extra Bold
StyleName:Regular
FullName:Tw Cen MT Condensed Extra Bold
WritingScript:Roman
OutlineFileName:\TCCEB.TTF
DataFormat:sfntData
FileLength:74708
WeightClass:400
WidthClass:5
AngleClass:0
%EndFont

%BeginFont
Handler:DirectoryHandler
FontType:TrueType
FontName:TwCenMT-Condensed
FamilyName:Tw Cen MT Condensed
StyleName:Regular
FullName:Tw Cen MT Condensed
WritingScript:Roman
OutlineFileName:\TCCM____.TTF
DataFormat:sfntData
FileLength:66804
WeightClass:400
WidthClass:5
AngleClass:0
%EndFont

%BeginFont
Handler:DirectoryHandler
FontType:TrueType
FontName:TwCenMT-Italic
FamilyName:Tw Cen MT
StyleName:Italic
FullName:Tw Cen MT Italic
WritingScript:Roman
OutlineFileName:\TCMI____.TTF
DataFormat:sfntData
FileLength:78236
WeightClass:400
WidthClass:5
AngleClass:1
%EndFont

%BeginFont
Handler:DirectoryHandler
FontType:TrueType
FontName:TwCenMT-Regular
FamilyName:Tw Cen MT
StyleName:Regular
FullName:Tw Cen MT
WritingScript:Roman
OutlineFileName:\TCM_____.TTF
DataFormat:sfntData
FileLength:76252
WeightClass:400
WidthClass:5
AngleClass:0
%EndFont

%BeginFont
Handler:DirectoryHandler
FontType:TrueType
FontName:TempusSansITC
FamilyName:Tempus Sans ITC
StyleName:Regular
FullName:Tempus Sans ITC
WritingScript:Roman
OutlineFileName:\TEMPSITC.TTF
DataFormat:sfntData
FileLength:76100
WeightClass:400
WidthClass:5
AngleClass:0
%EndFont

%BeginFont
Handler:DirectoryHandler
FontType:TrueType
FontName:TimesNewRomanPSMT
FamilyName:Times New Roman
StyleName:Regular
FullName:Times New Roman
WritingScript:Roman
OutlineFileName:\times.ttf
DataFormat:sfntData
FileLength:349636
WeightClass:400
WidthClass:5
AngleClass:0
%EndFont

%BeginFont
Handler:DirectoryHandler
FontType:TrueType
FontName:TimesNewRomanPS-BoldMT
FamilyName:Times New Roman
StyleName:Bold
FullName:Times New Roman Bold
WritingScript:Roman
OutlineFileName:\timesbd.ttf
DataFormat:sfntData
FileLength:334944
WeightClass:700
WidthClass:5
AngleClass:0
%EndFont

%BeginFont
Handler:DirectoryHandler
FontType:TrueType
FontName:TimesNewRomanPS-BoldItalicMT
FamilyName:Times New Roman
StyleName:Bold Italic
FullName:Times New Roman Bold Italic
WritingScript:Roman
OutlineFileName:\timesbi.ttf
DataFormat:sfntData
FileLength:239692
WeightClass:700
WidthClass:5
AngleClass:1
%EndFont

%BeginFont
Handler:DirectoryHandler
FontType:TrueType
FontName:TimesNewRomanPS-ItalicMT
FamilyName:Times New Roman
StyleName:Italic
FullName:Times New Roman Italic
WritingScript:Roman
OutlineFileName:\timesi.ttf
DataFormat:sfntData
FileLength:248368
WeightClass:400
WidthClass:5
AngleClass:1
%EndFont

%BeginFont
Handler:DirectoryHandler
FontType:TrueType
FontName:TrebuchetMS
FamilyName:Trebuchet MS
StyleName:Regular
FullName:Trebuchet MS
WritingScript:Roman
OutlineFileName:\trebuc.ttf
DataFormat:sfntData
FileLength:134108
WeightClass:400
WidthClass:5
AngleClass:0
%EndFont

%BeginFont
Handler:DirectoryHandler
FontType:TrueType
FontName:TrebuchetMS-Bold
FamilyName:Trebuchet MS
StyleName:Bold
FullName:Trebuchet MS Bold
WritingScript:Roman
OutlineFileName:\trebucbd.ttf
DataFormat:sfntData
FileLength:123096
WeightClass:700
WidthClass:5
AngleClass:0
%EndFont

%BeginFont
Handler:DirectoryHandler
FontType:TrueType
FontName:Trebuchet-BoldItalic
FamilyName:Trebuchet MS
StyleName:Bold Italic
FullName:Trebuchet MS Bold Italic
WritingScript:Roman
OutlineFileName:\trebucbi.ttf
DataFormat:sfntData
FileLength:131188
WeightClass:700
WidthClass:5
AngleClass:1
%EndFont

%BeginFont
Handler:DirectoryHandler
FontType:TrueType
FontName:TrebuchetMS-Italic
FamilyName:Trebuchet MS
StyleName:Italic
FullName:Trebuchet MS Italic
WritingScript:Roman
OutlineFileName:\trebucit.ttf
DataFormat:sfntData
FileLength:139288
WeightClass:400
WidthClass:5
AngleClass:1
%EndFont

%BeginFont
Handler:DirectoryHandler
FontType:TrueType
FontName:Tunga-Regular
FamilyName:Tunga
StyleName:Regular
FullName:Tunga
WritingScript:Roman
OutlineFileName:\tunga.ttf
DataFormat:sfntData
FileLength:148636
WeightClass:400
WidthClass:5
AngleClass:0
%EndFont

%BeginFont
Handler:DirectoryHandler
FontType:TrueType
FontName:BitstreamVeraSans-Roman
FamilyName:Bitstream Vera Sans
StyleName:Roman
FullName:Bitstream Vera Sans
WritingScript:Roman
OutlineFileName:\vera.ttf
DataFormat:sfntData
FileLength:65932
WeightClass:400
WidthClass:5
AngleClass:0
%EndFont

%BeginFont
Handler:DirectoryHandler
FontType:TrueType
FontName:BitstreamVeraSans-Bold
FamilyName:Bitstream Vera Sans
StyleName:Bold
FullName:Bitstream Vera Sans Bold
WritingScript:Roman
OutlineFileName:\VeraBd.ttf
DataFormat:sfntData
FileLength:58716
WeightClass:700
WidthClass:5
AngleClass:0
%EndFont

%BeginFont
Handler:DirectoryHandler
FontType:TrueType
FontName:BitstreamVeraSans-BoldOblique
FamilyName:Bitstream Vera Sans
StyleName:Bold Oblique
FullName:Bitstream Vera Sans Bold Oblique
WritingScript:Roman
OutlineFileName:\VeraBI.ttf
DataFormat:sfntData
FileLength:63208
WeightClass:700
WidthClass:5
AngleClass:0
%EndFont

%BeginFont
Handler:DirectoryHandler
FontType:TrueType
FontName:BitstreamVeraSans-Oblique
FamilyName:Bitstream Vera Sans
StyleName:Oblique
FullName:Bitstream Vera Sans Oblique
WritingScript:Roman
OutlineFileName:\VeraIt.ttf
DataFormat:sfntData
FileLength:63684
WeightClass:400
WidthClass:5
AngleClass:0
%EndFont

%BeginFont
Handler:DirectoryHandler
FontType:TrueType
FontName:BitstreamVeraSansMono-Bold
FamilyName:Bitstream Vera Sans Mono
StyleName:Bold
FullName:Bitstream Vera Sans Mono Bold
WritingScript:Roman
OutlineFileName:\VeraMoBd.ttf
DataFormat:sfntData
FileLength:49052
WeightClass:700
WidthClass:5
AngleClass:0
%EndFont

%BeginFont
Handler:DirectoryHandler
FontType:TrueType
FontName:BitstreamVeraSansMono-BoldOb
FamilyName:Bitstream Vera Sans Mono
StyleName:Bold Oblique
FullName:Bitstream Vera Sans Mono Bold Oblique
WritingScript:Roman
OutlineFileName:\VeraMoBI.ttf
DataFormat:sfntData
FileLength:55032
WeightClass:700
WidthClass:5
AngleClass:0
%EndFont

%BeginFont
Handler:DirectoryHandler
FontType:TrueType
FontName:BitstreamVeraSansMono-Oblique
FamilyName:Bitstream Vera Sans Mono
StyleName:Oblique
FullName:Bitstream Vera Sans Mono Oblique
WritingScript:Roman
OutlineFileName:\VeraMoIt.ttf
DataFormat:sfntData
FileLength:54508
WeightClass:400
WidthClass:5
AngleClass:0
%EndFont

%BeginFont
Handler:DirectoryHandler
FontType:TrueType
FontName:BitstreamVeraSansMono-Roman
FamilyName:Bitstream Vera Sans Mono
StyleName:Roman
FullName:Bitstream Vera Sans Mono
WritingScript:Roman
OutlineFileName:\VeraMono.ttf
DataFormat:sfntData
FileLength:49224
WeightClass:400
WidthClass:5
AngleClass:0
%EndFont

%BeginFont
Handler:DirectoryHandler
FontType:TrueType
FontName:BitstreamVeraSerif-Roman
FamilyName:Bitstream Vera Serif
StyleName:Roman
FullName:Bitstream Vera Serif
WritingScript:Roman
OutlineFileName:\VeraSe.ttf
DataFormat:sfntData
FileLength:60280
WeightClass:400
WidthClass:5
AngleClass:0
%EndFont

%BeginFont
Handler:DirectoryHandler
FontType:TrueType
FontName:BitstreamVeraSerif-Bold
FamilyName:Bitstream Vera Serif
StyleName:Bold
FullName:Bitstream Vera Serif Bold
WritingScript:Roman
OutlineFileName:\VeraSeBd.ttf
DataFormat:sfntData
FileLength:58736
WeightClass:700
WidthClass:5
AngleClass:0
%EndFont

%BeginFont
Handler:DirectoryHandler
FontType:TrueType
FontName:Verdana
FamilyName:Verdana
StyleName:Regular
FullName:Verdana
WritingScript:Roman
OutlineFileName:\verdana.ttf
DataFormat:sfntData
FileLength:171792
WeightClass:400
WidthClass:5
AngleClass:0
%EndFont

%BeginFont
Handler:DirectoryHandler
FontType:TrueType
FontName:Verdana-Bold
FamilyName:Verdana
StyleName:Bold
FullName:Verdana Bold
WritingScript:Roman
OutlineFileName:\verdanab.ttf
DataFormat:sfntData
FileLength:137616
WeightClass:700
WidthClass:5
AngleClass:0
%EndFont

%BeginFont
Handler:DirectoryHandler
FontType:TrueType
FontName:Verdana-Italic
FamilyName:Verdana
StyleName:Italic
FullName:Verdana Italic
WritingScript:Roman
OutlineFileName:\verdanai.ttf
DataFormat:sfntData
FileLength:155076
WeightClass:400
WidthClass:5
AngleClass:1
%EndFont

%BeginFont
Handler:DirectoryHandler
FontType:TrueType
FontName:Verdana-BoldItalic
FamilyName:Verdana
StyleName:Bold Italic
FullName:Verdana Bold Italic
WritingScript:Roman
OutlineFileName:\verdanaz.ttf
DataFormat:sfntData
FileLength:154800
WeightClass:700
WidthClass:5
AngleClass:1
%EndFont

%BeginFont
Handler:DirectoryHandler
FontType:Invalid
OutlineFileName:\vga737.fon
%EndFont

%BeginFont
Handler:DirectoryHandler
FontType:Invalid
OutlineFileName:\vga775.fon
%EndFont

%BeginFont
Handler:DirectoryHandler
FontType:Invalid
OutlineFileName:\vga850.fon
%EndFont

%BeginFont
Handler:DirectoryHandler
FontType:Invalid
OutlineFileName:\vga852.fon
%EndFont

%BeginFont
Handler:DirectoryHandler
FontType:Invalid
OutlineFileName:\vga855.fon
%EndFont

%BeginFont
Handler:DirectoryHandler
FontType:Invalid
OutlineFileName:\vga857.fon
%EndFont

%BeginFont
Handler:DirectoryHandler
FontType:Invalid
OutlineFileName:\vga860.fon
%EndFont

%BeginFont
Handler:DirectoryHandler
FontType:Invalid
OutlineFileName:\vga863.fon
%EndFont

%BeginFont
Handler:DirectoryHandler
FontType:Invalid
OutlineFileName:\vga865.fon
%EndFont

%BeginFont
Handler:DirectoryHandler
FontType:Invalid
OutlineFileName:\vga866.fon
%EndFont

%BeginFont
Handler:DirectoryHandler
FontType:Invalid
OutlineFileName:\vga869.fon
%EndFont

%BeginFont
Handler:DirectoryHandler
FontType:Invalid
OutlineFileName:\vgaf1257.fon
%EndFont

%BeginFont
Handler:DirectoryHandler
FontType:Invalid
OutlineFileName:\vgafix.fon
%EndFont

%BeginFont
Handler:DirectoryHandler
FontType:Invalid
OutlineFileName:\vgafixe.fon
%EndFont

%BeginFont
Handler:DirectoryHandler
FontType:Invalid
OutlineFileName:\vgafixg.fon
%EndFont

%BeginFont
Handler:DirectoryHandler
FontType:Invalid
OutlineFileName:\vgafixr.fon
%EndFont

%BeginFont
Handler:DirectoryHandler
FontType:Invalid
OutlineFileName:\vgafixt.fon
%EndFont

%BeginFont
Handler:DirectoryHandler
FontType:Invalid
OutlineFileName:\vgaoem.fon
%EndFont

%BeginFont
Handler:DirectoryHandler
FontType:Invalid
OutlineFileName:\vgas1257.fon
%EndFont

%BeginFont
Handler:DirectoryHandler
FontType:Invalid
OutlineFileName:\vgasys.fon
%EndFont

%BeginFont
Handler:DirectoryHandler
FontType:Invalid
OutlineFileName:\vgasyse.fon
%EndFont

%BeginFont
Handler:DirectoryHandler
FontType:Invalid
OutlineFileName:\vgasysg.fon
%EndFont

%BeginFont
Handler:DirectoryHandler
FontType:Invalid
OutlineFileName:\vgasysr.fon
%EndFont

%BeginFont
Handler:DirectoryHandler
FontType:Invalid
OutlineFileName:\vgasyst.fon
%EndFont

%BeginFont
Handler:DirectoryHandler
FontType:TrueType
FontName:Vrinda
FamilyName:Vrinda
StyleName:Regular
FullName:Vrinda
WritingScript:Roman
OutlineFileName:\vrinda.ttf
DataFormat:sfntData
FileLength:252820
WeightClass:0
WidthClass:0
AngleClass:0
%EndFont

%BeginFont
Handler:DirectoryHandler
FontType:TrueType
FontName:Webdings
FamilyName:Webdings
StyleName:Regular
FullName:Webdings
WritingScript:Roman
OutlineFileName:\webdings.ttf
DataFormat:sfntData
FileLength:118752
WeightClass:400
WidthClass:5
AngleClass:0
%EndFont

%BeginFont
Handler:DirectoryHandler
FontType:TrueType
FontName:Wingdings-Regular
FamilyName:Wingdings
StyleName:Regular
FullName:Wingdings
WritingScript:Roman
OutlineFileName:\wingding.ttf
DataFormat:sfntData
FileLength:81000
WeightClass:400
WidthClass:5
AngleClass:0
%EndFont

%BeginFont
Handler:DirectoryHandler
FontType:TrueType
FontName:Wingdings2
FamilyName:Wingdings 2
StyleName:Regular
FullName:Wingdings 2
WritingScript:Roman
OutlineFileName:\WINGDNG2.TTF
DataFormat:sfntData
FileLength:59696
WeightClass:400
WidthClass:5
AngleClass:0
%EndFont

%BeginFont
Handler:DirectoryHandler
FontType:TrueType
FontName:Wingdings3
FamilyName:Wingdings 3
StyleName:Regular
FullName:Wingdings 3
WritingScript:Roman
OutlineFileName:\WINGDNG3.TTF
DataFormat:sfntData
FileLength:29236
WeightClass:400
WidthClass:5
AngleClass:0
%EndFont

%BeginFont
Handler:DirectoryHandler
FontType:TrueType
FontName:QuickTypeCondensed-Bold
FamilyName:QuickType Condensed
StyleName:Bold
FullName:QuickType Condensed Bold
WritingScript:Roman
OutlineFileName:\wqtcb_tt.ttf
DataFormat:sfntData
FileLength:32588
WeightClass:700
WidthClass:3
AngleClass:0
%EndFont

%BeginFont
Handler:DirectoryHandler
FontType:TrueType
FontName:QuickTypeCondensed-Italic
FamilyName:QuickType Condensed
StyleName:Italic
FullName:QuickType Condensed Italic
WritingScript:Roman
OutlineFileName:\wqtci_tt.ttf
DataFormat:sfntData
FileLength:31836
WeightClass:400
WidthClass:3
AngleClass:1
%EndFont

%BeginFont
Handler:DirectoryHandler
FontType:TrueType
FontName:QuickTypeCondensed
FamilyName:QuickType Condensed
StyleName:Regular
FullName:QuickType Condensed
WritingScript:Roman
OutlineFileName:\wqtcp_tt.ttf
DataFormat:sfntData
FileLength:34888
WeightClass:400
WidthClass:3
AngleClass:0
%EndFont

%BeginFont
Handler:DirectoryHandler
FontType:TrueType
FontName:QuickTypeMono
FamilyName:QuickType Mono
StyleName:Regular
FullName:QuickType Mono
WritingScript:Roman
OutlineFileName:\wqtm_p_t.ttf
DataFormat:sfntData
FileLength:52248
WeightClass:400
WidthClass:5
AngleClass:0
%EndFont

%BeginFont
Handler:DirectoryHandler
FontType:TrueType
FontName:QuickType-Bold
FamilyName:QuickType
StyleName:Bold
FullName:QuickType Bold
WritingScript:Roman
OutlineFileName:\wqt_b_tt.ttf
DataFormat:sfntData
FileLength:31100
WeightClass:700
WidthClass:5
AngleClass:0
%EndFont

%BeginFont
Handler:DirectoryHandler
FontType:TrueType
FontName:QuickType-Italic
FamilyName:QuickType
StyleName:Italic
FullName:QuickType Italic
WritingScript:Roman
OutlineFileName:\wqt_i_tt.ttf
DataFormat:sfntData
FileLength:35456
WeightClass:400
WidthClass:5
AngleClass:1
%EndFont

%BeginFont
Handler:DirectoryHandler
FontType:TrueType
FontName:QuickTypePi
FamilyName:QuickType Pi
StyleName:Regular
FullName:QuickType Pi
WritingScript:Roman
OutlineFileName:\wqt_pi_t.ttf
DataFormat:sfntData
FileLength:20724
WeightClass:400
WidthClass:5
AngleClass:0
%EndFont

%BeginFont
Handler:DirectoryHandler
FontType:TrueType
FontName:QuickType
FamilyName:QuickType
StyleName:Regular
FullName:QuickType
WritingScript:Roman
OutlineFileName:\wqt_p_tt.ttf
DataFormat:sfntData
FileLength:30716
WeightClass:400
WidthClass:5
AngleClass:0
%EndFont

%BeginFont
Handler:DirectoryHandler
FontType:Invalid
OutlineFileName:\wst_czec.fon
%EndFont

%BeginFont
Handler:DirectoryHandler
FontType:Invalid
OutlineFileName:\wst_engl.fon
%EndFont

%BeginFont
Handler:DirectoryHandler
FontType:Invalid
OutlineFileName:\wst_fren.fon
%EndFont

%BeginFont
Handler:DirectoryHandler
FontType:Invalid
OutlineFileName:\wst_germ.fon
%EndFont

%BeginFont
Handler:DirectoryHandler
FontType:Invalid
OutlineFileName:\wst_ital.fon
%EndFont

%BeginFont
Handler:DirectoryHandler
FontType:Invalid
OutlineFileName:\wst_span.fon
%EndFont

%BeginFont
Handler:DirectoryHandler
FontType:Invalid
OutlineFileName:\wst_swed.fon
%EndFont

